HTTP客户端: requests (标准库)
[code=36] query=嵌入式Linux开发, city=101280600, jobs=0
[INFO] 等待 13.6s...
[code=36] query=嵌入式Linux开发, city=101020100, jobs=0
[INFO] 等待 13.7s...
[code=36] query=BSP工程师, city=101280600, jobs=0
[INFO] 等待 12.2s...
[code=36] query=Linux驱动开发, city=101280600, jobs=0
